// Jest Snapshot v1, https://goo.gl/fbAQLP

exports[`<StatusTable /> should render properly 1`] = `
<div>
  <div
    class="css-pymjyk"
  >
    <table>
      <thead>
        <tr>
          <th>
            <div>
              First
              <mock-url.svg />
            </div>
          </th>
          <th>
            <div>
              Second
            </div>
          </th>
        </tr>
      </thead>
      <tbody>
        <div
          class="css-13wn5hp"
        >
          <td>
            First
          </td>
          <td>
            <div
              class="css-ewbhnz"
            >
              Running
            </div>
          </td>
        </div>
        <div
          class="css-1g2emov"
        >
          <td>
            First
          </td>
          <td>
            <div
              class="css-8tb6ud"
            >
              Enqueued
            </div>
          </td>
        </div>
        <div
          class="css-at2923"
        >
          <td>
            First
          </td>
          <td>
            <div
              class="css-18smb1f"
            >
              Failed
            </div>
          </td>
        </div>
        <div
          class="css-cbb6vz"
        >
          <td>
            First
          </td>
          <td>
            <div
              class="css-1mbqwq4"
            >
              Finished
            </div>
          </td>
        </div>
        <div
          class="css-cbb6vz"
        >
          <td>
            First
          </td>
          <td>
            <div
              class="css-1mbqwq4"
            >
              None
            </div>
          </td>
        </div>
      </tbody>
    </table>
  </div>
</div>
`;
