// Jest Snapshot v1, https://goo.gl/fbAQLP

exports[`<StatusTable /> should render properly 1`] = `
<div>
  <div
    class="css-6en7p3"
  >
    <table>
      <thead>
        <tr>
          <th>
            <div>
              First
              <svg />
            </div>
          </th>
          <th>
            <div>
              Second
            </div>
          </th>
        </tr>
      </thead>
      <tbody>
        <tr
          class="css-1gwwktf"
        >
          <td>
            First
          </td>
          <td>
            <div
              class="css-1rl6b37"
            >
              Running
            </div>
          </td>
        </tr>
        <tr
          class="css-1fd9476"
        >
          <td>
            First
          </td>
          <td>
            <div
              class="css-mdik6a"
            >
              Enqueued
            </div>
          </td>
        </tr>
        <tr
          class="css-x8c9an"
        >
          <td>
            First
          </td>
          <td>
            <div
              class="css-va5d7x"
            >
              Failed
            </div>
          </td>
        </tr>
        <tr
          class="css-dhzdu5"
        >
          <td>
            First
          </td>
          <td>
            <div
              class="css-sd2cxs"
            >
              Finished
            </div>
          </td>
        </tr>
        <tr
          class="css-dhzdu5"
        >
          <td>
            First
          </td>
          <td>
            <div
              class="css-sd2cxs"
            >
              None
            </div>
          </td>
        </tr>
      </tbody>
    </table>
  </div>
</div>
`;
